// Jest Snapshot v1, https://goo.gl/fbAQLP

exports[`styles are applied correctly 1`] = `
<div>
  <header>
    <div
      class="app-container"
    >
      <h1>
        Welcome to my Portfolio
      </h1>
    </div>
  </header>
  <div>
    <div
      class="navigation-container"
    >
      <nav>
        <ul>
          <li>
            <a
              class="nav-button"
              href="/"
            >
              Home
            </a>
          </li>
          <li>
            <a
              class="nav-button"
              href="/About"
            >
              About
            </a>
          </li>
          <li>
            <a
              class="nav-button"
              href="/Education"
            >
              Education
            </a>
          </li>
          <li>
            <a
              class="nav-button"
              href="/Experience"
            >
              Experience
            </a>
          </li>
          <li>
            <a
              class="nav-button"
              href="/Contact"
            >
              Contact
            </a>
          </li>
        </ul>
      </nav>
    </div>
    <div
      class="home-container home-page"
    >
      <div
        class="home-section"
      >
        <h1>
          <strong>
            Hello there!
          </strong>
        </h1>
        <p>
          Ready to embark on a virtual journey into the depths of my digital domain?
          <br />
           I'm Megan Huckabay, your friendly guide
          <br />
           or just
          <strong>
             Meg
          </strong>
           if you're feeling casual.
          <br />
           Now that we've got the introductions sorted,
          <br />
           let's explore the intricacies of this React.js wonderland I've concocted.
          <br />
           Sprinkled at the summit and base of each page,
          <br />
           you'll discover buttons itching to whisk you away to sections that peel back the layers of my personality,
          <br />
           unveiling the real me – quirks, passions, and all.
          <br />
          <strong>
            Imagine this:
          </strong>
           placed perfectly at the top of my the education page,
          <br />
           a snapshot of my academic triumphs comes to life.
          <br />
           Feast your eyes on the 
          <strong>
            BloomTech Institute of Technology
          </strong>
           certificate,
          <br />
           standing tall beside my GCA score.
          <br />
           But that's not all – a carefully curated list of web development skills awaits,
          <br />
           ready to impress.
          <br />
           As you navigate through the tales of my past professional exploits,
          <br />
           brace yourself for a contact page that reads like a treasure map.
          <br />
           
          <strong>
            Email coordinates, LinkedIn links, resume routes, and GitHub trails
          </strong>
          <br />
           our key to unraveling the web of projects I've spun during my web development escapades.
          <br />
          So, fasten your seatbelt and enjoy the journey!
          <br />
           Whether you're keen on unraveling more mysteries or just in the mood for a good laugh,
          <br />
           feel free to drop me an email or connect on LinkedIn.
          <br />
          <br />
          <strong>
            Cheers!
          </strong>
        </p>
      </div>
    </div>
    <div
      class="navigation-container"
    >
      <nav>
        <ul>
          <li>
            <a
              class="nav-button"
              href="/"
            >
              Home
            </a>
          </li>
          <li>
            <a
              class="nav-button"
              href="/About"
            >
              About
            </a>
          </li>
          <li>
            <a
              class="nav-button"
              href="/Education"
            >
              Education
            </a>
          </li>
          <li>
            <a
              class="nav-button"
              href="/Experience"
            >
              Experience
            </a>
          </li>
          <li>
            <a
              class="nav-button"
              href="/Contact"
            >
              Contact
            </a>
          </li>
        </ul>
      </nav>
    </div>
  </div>
</div>
`;
